/SiteWebIF/Intranet-etudiant.php (4 hits)
/notesif (3 hits)
/notesif/ (2 hits)
/SiteWebIF/Intranet-etudiant.php?ticket=ST-18983-qoy9blUTrJiM4PYIhncG-dsi-vm04 (1 hits)
/SiteWebIF/Intranet-etudiant.php?ticket=ST-19003-iWUXxygHfEPoGzBotWq0-dsi-vm04 (1 hits)
/SiteWebIF/Intranet-etudiant.php?ticket=ST-341667-KHlNEzic9e5btb4JQ1Nw-dsi-vm03 (1 hits)
/SiteWebIF/Intranet-etudiant.php?ticket=ST-341682-RjfRTgziibddmotBJFlo-dsi-vm03 (1 hits)
/cache/caa37016007b56628f231acfd3d91188 (1 hits)
/cas/themes/insa/media/favicon.ico;jsessionid=6C120D16B32E4D680912A30FC5D22C3F.dsi-vm03 (1 hits)
/temps/3IF1.ics (1 hits)