/temps/precedent.gif (3 hits)
/temps/choix.gif (2 hits)
/temps/FondInsa.jpg (2 hits)
/temps/style_emploi_du_temps.css (2 hits)
/temps/suivant.gif (2 hits)
/stages/FondInsa.jpg (1 hits)
/stages/bandeauFinal.jpg (1 hits)
/temps/4IF16.html (1 hits)
/temps/4IF17.html (1 hits)
/temps/4IF18.html (1 hits)
