/temps/4IF16.html (5 hits)
/temps/4IF17.html (4 hits)
/temps/4IF18.html (4 hits)
/temps/4IF19.html (3 hits)
/temps/3IF37.html (2 hits)
/temps/index.html (2 hits)
/temps/3IF38.html (1 hits)
/temps/3IF39.html (1 hits)
/temps/3IF40.html (1 hits)
/temps/3IF41.html (1 hits)