Erreur 003 : Le fichier graphique doit Ãªtre au format .dot