/temps/4IF16.html (4 hits)
/robots.txt (2 hits)
/temps/3IF1.ics (2 hits)
/temps/4IF17.html (2 hits)
/temps/4IF18.html (2 hits)
/temps/FondInsa.jpg (2 hits)
/temps/precedent.gif (2 hits)
/notesif/RSS/RSS_3IF.xml (1 hits)
/stages/FondInsa.jpg (1 hits)
/temps/3IF39.html (1 hits)
